[risingtheme.com/html/demo-newvilla/newvilla/Home.php]
[backblue.gif]
[fade.gif]
[Home.php]
[risingtheme.com/html/demo-newvilla/newvilla/assets/img/favicon.ico]
[risingtheme.com/html/demo-newvilla/newvilla/assets/css/plugins/swiper-bundle.min.css]
[risingtheme.com/html/demo-newvilla/newvilla/assets/css/vendor/bootstrap.min.css]
[risingtheme.com/html/demo-newvilla/newvilla/assets/css/plugins/glightbox.min.css]
[risingtheme.com/html/demo-newvilla/newvilla/assets/css/plugins/aos.css]
[risingtheme.com/html/demo-newvilla/newvilla/assets/css/style.css]
[risingtheme.com/html/demo-newvilla/newvilla/assets/img/logo/nav-log.png]
[risingtheme.com/html/demo-newvilla/newvilla/index-2.php]
[risingtheme.com/html/demo-newvilla/newvilla/index-3.php]
[risingtheme.com/html/demo-newvilla/newvilla/Home.php]
[risingtheme.com/html/demo-newvilla/newvilla/index-5.php]
[risingtheme.com/html/demo-newvilla/newvilla/listing-list.php]
[risingtheme.com/html/demo-newvilla/newvilla/listing-right-sidebar.php]
[risingtheme.com/html/demo-newvilla/newvilla/listing-details.php]
[risingtheme.com/html/demo-newvilla/newvilla/admin/my-properties.php]
[risingtheme.com/html/demo-newvilla/newvilla/listing-list.php]
[risingtheme.com/html/demo-newvilla/newvilla/admin/dashboard.php]
[risingtheme.com/html/demo-newvilla/newvilla/admin/Create-listing.php]
[risingtheme.com/html/demo-newvilla/newvilla/admin/chat.php]
[risingtheme.com/html/demo-newvilla/newvilla/admin/my-favorites.php]
[risingtheme.com/html/demo-newvilla/newvilla/admin/my-package.php]
[risingtheme.com/html/demo-newvilla/newvilla/admin/profile.php]
[risingtheme.com/html/demo-newvilla/newvilla/admin/reviews.php]
[risingtheme.com/html/demo-newvilla/newvilla/admin/saved-search.php]
[risingtheme.com/html/demo-newvilla/newvilla/admin/settings.php]
[risingtheme.com/html/demo-newvilla/newvilla/blog.php]
[risingtheme.com/html/demo-newvilla/newvilla/about.php]
[risingtheme.com/html/demo-newvilla/newvilla/contact.php]
[risingtheme.com/html/demo-newvilla/newvilla/project.php]
[risingtheme.com/html/demo-newvilla/newvilla/project-details.php]
[risingtheme.com/html/demo-newvilla/newvilla/services-details.php]
[risingtheme.com/html/demo-newvilla/newvilla/login.php]
[risingtheme.com/html/demo-newvilla/newvilla/signup.php]
[risingtheme.com/html/demo-newvilla/newvilla/404.php]
[risingtheme.com/html/demo-newvilla/newvilla/assets/img/gallery/gallery1.png]
[risingtheme.com/html/demo-newvilla/newvilla/assets/img/gallery/gallery2.png]
[risingtheme.com/html/demo-newvilla/newvilla/assets/img/gallery/gallery3.png]
[risingtheme.com/html/demo-newvilla/newvilla/assets/img/gallery/gallery4.png]
[risingtheme.com/html/demo-newvilla/newvilla/assets/img/gallery/gallery5.png]
[risingtheme.com/html/demo-newvilla/newvilla/assets/img/other/about-thumb1.png]
[risingtheme.com/html/demo-newvilla/newvilla/assets/img/other/about-thumb2.png]
[risingtheme.com/html/demo-newvilla/newvilla/assets/img/other/about-info-icon.png]
[risingtheme.com/html/demo-newvilla/newvilla/assets/img/other/about-info-icon2.png]
[risingtheme.com/html/demo-newvilla/newvilla/assets/img/property/properties1.png]
[risingtheme.com/html/demo-newvilla/newvilla/assets/img/property/properties-author.png]
[risingtheme.com/html/demo-newvilla/newvilla/assets/img/property/properties2.png]
[risingtheme.com/html/demo-newvilla/newvilla/assets/img/property/properties3.png]
[risingtheme.com/html/demo-newvilla/newvilla/assets/img/property/properties4.png]
[risingtheme.com/html/demo-newvilla/newvilla/assets/img/other/location-map1.png]
[risingtheme.com/html/demo-newvilla/newvilla/assets/img/other/location-map2.png]
[risingtheme.com/html/demo-newvilla/newvilla/assets/img/other/location-map3.png]
[risingtheme.com/html/demo-newvilla/newvilla/assets/img/other/location-thumb1.png]
[risingtheme.com/html/demo-newvilla/newvilla/assets/img/other/location-thumb2.png]
[risingtheme.com/html/demo-newvilla/newvilla/assets/img/other/location-thumb3.png]
[risingtheme.com/html/demo-newvilla/newvilla/assets/img/other/location-thumb4.png]
[risingtheme.com/html/demo-newvilla/newvilla/assets/img/other/location-thumb5.png]
[risingtheme.com/html/demo-newvilla/newvilla/assets/img/other/location-thumb6.png]
[risingtheme.com/html/demo-newvilla/newvilla/assets/img/other/location-map4.png]
[risingtheme.com/html/demo-newvilla/newvilla/assets/img/other/location-map5.png]
[risingtheme.com/html/demo-newvilla/newvilla/assets/img/other/location-map6.png]
[risingtheme.com/html/demo-newvilla/newvilla/assets/img/other/shape-250+.png]
[risingtheme.com/html/demo-newvilla/newvilla/assets/img/property/popular-properties1.png]
[risingtheme.com/html/demo-newvilla/newvilla/assets/img/property/popular-properties2.png]
[risingtheme.com/html/demo-newvilla/newvilla/assets/img/property/popular-properties3.png]
[risingtheme.com/html/demo-newvilla/newvilla/assets/img/property/popular-properties4.png]
[risingtheme.com/html/demo-newvilla/newvilla/assets/img/property/popular-properties5.png]
[risingtheme.com/html/demo-newvilla/newvilla/assets/img/other/shape1.png]
[risingtheme.com/html/demo-newvilla/newvilla/assets/img/other/shape2.png]
[risingtheme.com/html/demo-newvilla/newvilla/assets/img/other/testimonial-author-thumb3.png]
[risingtheme.com/html/demo-newvilla/newvilla/assets/img/other/testimonial-author-thumb2.png]
[risingtheme.com/html/demo-newvilla/newvilla/assets/img/other/testimonial-author-thumb.png]
[risingtheme.com/html/demo-newvilla/newvilla/assets/img/other/video-banner.png]
[risingtheme.com/html/demo-newvilla/newvilla/assets/video/background.mp4]
[risingtheme.com/html/demo-newvilla/newvilla/blog-details.php]
[risingtheme.com/html/demo-newvilla/newvilla/assets/img/blog/blog1.png]
[risingtheme.com/html/demo-newvilla/newvilla/assets/img/blog/blog2.png]
[risingtheme.com/html/demo-newvilla/newvilla/assets/img/blog/blog3.png]
[risingtheme.com/html/demo-newvilla/newvilla/assets/img/logo/brand1.png]
[risingtheme.com/html/demo-newvilla/newvilla/assets/img/logo/brand2.png]
[risingtheme.com/html/demo-newvilla/newvilla/assets/img/logo/brand3.png]
[risingtheme.com/html/demo-newvilla/newvilla/assets/img/logo/brand4.png]
[risingtheme.com/html/demo-newvilla/newvilla/assets/img/logo/brand5.png]
[risingtheme.com/html/demo-newvilla/newvilla/assets/img/logo/brand6.png]
[risingtheme.com/html/demo-newvilla/newvilla/assets/img/other/agents-thumb.png]
[risingtheme.com/html/demo-newvilla/newvilla/assets/img/logo/nav-log-white.png]
[risingtheme.com/html/demo-newvilla/newvilla/assets/img/icon/payment-img.png]
[risingtheme.com/html/demo-newvilla/newvilla/assets/js/vendor/popper.js]
[risingtheme.com/html/demo-newvilla/newvilla/assets/js/vendor/bootstrap.min.js]
[risingtheme.com/html/demo-newvilla/newvilla/assets/js/plugins/swiper-bundle.min.js]
[risingtheme.com/html/demo-newvilla/newvilla/assets/js/plugins/glightbox.min.js]
[risingtheme.com/html/demo-newvilla/newvilla/assets/js/plugins/aos.js]
[risingtheme.com/html/demo-newvilla/newvilla/Home.php]
[risingtheme.com/html/demo-newvilla/newvilla/assets/css/plugins/swiper-bundle.min.css]
[risingtheme.com/html/demo-newvilla/newvilla/assets/js/script.js]
[risingtheme.com/html/demo-newvilla/newvilla/assets/css/vendor/bootstrap.min.css]
[risingtheme.com/html/demo-newvilla/newvilla/assets/css/plugins/glightbox.min.css]
[risingtheme.com/html/demo-newvilla/newvilla/assets/css/plugins/aos.css]
[risingtheme.com/html/demo-newvilla/newvilla/assets/img/hero/hero-section-bg.png]
[risingtheme.com/html/demo-newvilla/newvilla/assets/img/hero/hero-section-bg2.png]
[risingtheme.com/html/demo-newvilla/newvilla/assets/img/hero/home-four-hero-section-bg.png]
[risingtheme.com/html/demo-newvilla/newvilla/assets/img/hero/home-five-hero-section-bg.png]
[risingtheme.com/html/demo-newvilla/newvilla/assets/img/other/tranding-badge.png]
[risingtheme.com/html/demo-newvilla/newvilla/assets/img/banner/counterup-banner-bg.png]
[risingtheme.com/html/demo-newvilla/newvilla/assets/img/other/bg-full-1.png]
[risingtheme.com/html/demo-newvilla/newvilla/assets/img/other/bg-full-4.png]
[risingtheme.com/html/demo-newvilla/newvilla/assets/img/other/bg-full-2.png]
[risingtheme.com/html/demo-newvilla/newvilla/assets/img/other/bg-full-3.png]
[risingtheme.com/html/demo-newvilla/newvilla/assets/img/other/bg-full-5.png]
[risingtheme.com/html/demo-newvilla/newvilla/assets/img/other/consult_agent-bg.png]
[risingtheme.com/html/demo-newvilla/newvilla/assets/img/other/breadcrumb-bg.png]
[risingtheme.com/html/demo-newvilla/newvilla/assets/css/style.css]
[risingtheme.com/html/demo-newvilla/newvilla/assets/img/hero/hero-htumb1.png]
[risingtheme.com/html/demo-newvilla/newvilla/assets/img/hero/hero-htumb2.png]
[risingtheme.com/html/demo-newvilla/newvilla/assets/img/hero/hero-htumb3.png]
[risingtheme.com/html/demo-newvilla/newvilla/assets/img/other/categories1.png]
[risingtheme.com/html/demo-newvilla/newvilla/assets/img/other/categories2.png]
[risingtheme.com/html/demo-newvilla/newvilla/assets/img/other/categories3.png]
[risingtheme.com/html/demo-newvilla/newvilla/assets/img/other/about-thumb3.png]
[risingtheme.com/html/demo-newvilla/newvilla/assets/img/other/about-thumb4.png]
[risingtheme.com/html/demo-newvilla/newvilla/assets/img/other/about-thumb5.png]
[risingtheme.com/html/demo-newvilla/newvilla/assets/img/icon/bed-realistic.png]
[risingtheme.com/html/demo-newvilla/newvilla/assets/img/icon/modern-car.png]
[risingtheme.com/html/demo-newvilla/newvilla/assets/img/icon/set-square.png]
[risingtheme.com/html/demo-newvilla/newvilla/assets/img/other/properties-author.png]
[risingtheme.com/html/demo-newvilla/newvilla/assets/img/property/properties5.png]
[risingtheme.com/html/demo-newvilla/newvilla/assets/img/property/properties6.png]
[risingtheme.com/html/demo-newvilla/newvilla/assets/img/property/properties7.png]
[risingtheme.com/html/demo-newvilla/newvilla/assets/img/property/properties8.png]
[risingtheme.com/html/demo-newvilla/newvilla/assets/img/other/best-selling-thumb.png]
[risingtheme.com/html/demo-newvilla/newvilla/assets/img/other/best-selling-thumb2.png]
[risingtheme.com/html/demo-newvilla/newvilla/assets/img/other/best-selling-thumb3.png]
[risingtheme.com/html/demo-newvilla/newvilla/assets/img/other/contact-property-thumb.png]
[risingtheme.com/html/demo-newvilla/newvilla/assets/img/other/testimonial-thumb.png]
[risingtheme.com/html/demo-newvilla/newvilla/assets/img/other/testimonial-quate.png]
[risingtheme.com/html/demo-newvilla/newvilla/assets/img/other/testimonial-author1.png]
[risingtheme.com/html/demo-newvilla/newvilla/assets/img/other/testimonial-author2.png]
[risingtheme.com/html/demo-newvilla/newvilla/assets/img/other/team1.png]
[risingtheme.com/html/demo-newvilla/newvilla/assets/img/other/team2.png]
[risingtheme.com/html/demo-newvilla/newvilla/index-2.php]
[risingtheme.com/html/demo-newvilla/newvilla/assets/img/logo/nav-log2.png]
[risingtheme.com/html/demo-newvilla/newvilla/assets/img/hero/home-three-hero-thumbnail.png]
[risingtheme.com/html/demo-newvilla/newvilla/assets/img/other/home3-about-thumb.png]
[risingtheme.com/html/demo-newvilla/newvilla/assets/img/other/about-info-icon3.png]
[risingtheme.com/html/demo-newvilla/newvilla/assets/img/other/about-info-icon4.png]
[risingtheme.com/html/demo-newvilla/newvilla/assets/img/other/location-map-bg.png]
[risingtheme.com/html/demo-newvilla/newvilla/assets/img/other/contact-property-thumb2.png]
[risingtheme.com/html/demo-newvilla/newvilla/assets/img/other/testimonial-thumb-small.png]
[risingtheme.com/html/demo-newvilla/newvilla/assets/img/other/testimonial-gallery3.png]
[risingtheme.com/html/demo-newvilla/newvilla/assets/img/other/testimonial-gallery2.png]
[risingtheme.com/html/demo-newvilla/newvilla/assets/img/other/testimonial-gallery1.png]
[risingtheme.com/html/demo-newvilla/newvilla/assets/img/other/testimonial-author3.png]
[risingtheme.com/html/demo-newvilla/newvilla/assets/img/other/testimonial-author4.png]
[risingtheme.com/html/demo-newvilla/newvilla/assets/img/blog/blog-sticky.png]
[risingtheme.com/html/demo-newvilla/newvilla/assets/img/blog/blog-vertical1.png]
[risingtheme.com/html/demo-newvilla/newvilla/assets/img/blog/blog-vertical2.png]
[risingtheme.com/html/demo-newvilla/newvilla/assets/img/blog/blog-vertical3.png]
[risingtheme.com/html/demo-newvilla/newvilla/assets/img/logo/nav-log2-white.png]
[risingtheme.com/html/demo-newvilla/newvilla/index-3.php]
[risingtheme.com/html/demo-newvilla/newvilla/assets/img/logo/nav-log3.png]
[risingtheme.com/html/demo-newvilla/newvilla/assets/img/other/header-author1.png]
[risingtheme.com/html/demo-newvilla/newvilla/assets/img/other/header-author2.png]
[risingtheme.com/html/demo-newvilla/newvilla/assets/img/other/header-author3.png]
[risingtheme.com/html/demo-newvilla/newvilla/assets/img/other/about-items1.png]
[risingtheme.com/html/demo-newvilla/newvilla/assets/img/other/about-items2.png]
[risingtheme.com/html/demo-newvilla/newvilla/assets/img/other/about-thumbnail-shape.png]
[risingtheme.com/html/demo-newvilla/newvilla/assets/img/banner/banner1.png]
[risingtheme.com/html/demo-newvilla/newvilla/assets/img/banner/banner2.png]
[risingtheme.com/html/demo-newvilla/newvilla/assets/img/banner/banner3.png]
[risingtheme.com/html/demo-newvilla/newvilla/assets/img/banner/banner4.png]
[risingtheme.com/html/demo-newvilla/newvilla/assets/img/other/testimonial-thumb2.png]
[risingtheme.com/html/demo-newvilla/newvilla/assets/img/other/testimonial-thumb3.png]
[risingtheme.com/html/demo-newvilla/newvilla/assets/img/other/testimonial-thumb4.png]
[risingtheme.com/html/demo-newvilla/newvilla/Home.php]
[risingtheme.com/html/demo-newvilla/newvilla/assets/img/icon/language-icon.png]
[risingtheme.com/html/demo-newvilla/newvilla/assets/img/icon/usd-icon.png]
[risingtheme.com/html/demo-newvilla/newvilla/assets/img/gallery/about-gallery1.png]
[risingtheme.com/html/demo-newvilla/newvilla/assets/img/gallery/about-gallery2.png]
[risingtheme.com/html/demo-newvilla/newvilla/assets/img/gallery/about-gallery3.png]
[risingtheme.com/html/demo-newvilla/newvilla/assets/img/gallery/gallery7.png]
[risingtheme.com/html/demo-newvilla/newvilla/assets/img/gallery/gallery8.png]
[risingtheme.com/html/demo-newvilla/newvilla/assets/img/gallery/gallery9.png]
[risingtheme.com/html/demo-newvilla/newvilla/assets/img/gallery/gallery10.png]
[risingtheme.com/html/demo-newvilla/newvilla/assets/img/gallery/gallery6.png]
[risingtheme.com/html/demo-newvilla/newvilla/index-5.php]
[risingtheme.com/html/demo-newvilla/newvilla/assets/img/other/sidebar-widget-thumb.png]
[risingtheme.com/html/demo-newvilla/newvilla/assets/img/property/featured1.jpg]
[risingtheme.com/html/demo-newvilla/newvilla/assets/img/property/featured2.jpg]
[risingtheme.com/html/demo-newvilla/newvilla/assets/img/property/featured3.jpg]
[risingtheme.com/html/demo-newvilla/newvilla/assets/img/property/featured-grid1.jpg]
[risingtheme.com/html/demo-newvilla/newvilla/assets/img/property/featured-grid2.jpg]
[risingtheme.com/html/demo-newvilla/newvilla/assets/img/property/featured-grid3.jpg]
[risingtheme.com/html/demo-newvilla/newvilla/assets/img/property/featured-grid4.jpg]
[risingtheme.com/html/demo-newvilla/newvilla/assets/img/property/featured-grid5.jpg]
[risingtheme.com/html/demo-newvilla/newvilla/assets/img/property/featured-grid6.jpg]
[risingtheme.com/html/demo-newvilla/newvilla/assets/img/property/featured-list1.jpg]
[risingtheme.com/html/demo-newvilla/newvilla/assets/img/property/featured-list2.jpg]
[risingtheme.com/html/demo-newvilla/newvilla/assets/img/property/featured-list3.jpg]
[risingtheme.com/html/demo-newvilla/newvilla/assets/img/property/featured-list4.jpg]
[risingtheme.com/html/demo-newvilla/newvilla/assets/img/property/featured-list5.jpg]
[risingtheme.com/html/demo-newvilla/newvilla/assets/img/property/featured-list6.jpg]
[risingtheme.com/html/demo-newvilla/newvilla/listing-list.php]
[risingtheme.com/html/demo-newvilla/newvilla/listing-right-sidebar.php]
[risingtheme.com/html/demo-newvilla/newvilla/listing-list.php]
[risingtheme.com/html/demo-newvilla/newvilla/assets/img/hero/listing-details-hero.png]
[risingtheme.com/html/demo-newvilla/newvilla/assets/img/hero/slider-small1.png]
[risingtheme.com/html/demo-newvilla/newvilla/assets/img/hero/slider-small2.png]
[risingtheme.com/html/demo-newvilla/newvilla/assets/img/hero/slider-small3.png]
[risingtheme.com/html/demo-newvilla/newvilla/assets/img/icon/properties-icon1.png]
[risingtheme.com/html/demo-newvilla/newvilla/assets/img/icon/properties-icon2.png]
[risingtheme.com/html/demo-newvilla/newvilla/assets/img/icon/properties-icon3.png]
[risingtheme.com/html/demo-newvilla/newvilla/assets/img/icon/properties-icon4.png]
[risingtheme.com/html/demo-newvilla/newvilla/assets/img/other/floor-display.png]
[risingtheme.com/html/demo-newvilla/newvilla/assets/img/property/property-video-thumbnail.png]
[risingtheme.com/html/demo-newvilla/newvilla/assets/img/icon/rating.png]
[risingtheme.com/html/demo-newvilla/newvilla/assets/img/other/comment-author1.jpg]
[risingtheme.com/html/demo-newvilla/newvilla/assets/img/other/comment-author2.png]
[risingtheme.com/html/demo-newvilla/newvilla/assets/img/other/comment-author3.png]
[risingtheme.com/html/demo-newvilla/newvilla/assets/img/other/admin-profile.png]
[risingtheme.com/html/demo-newvilla/newvilla/assets/img/property/property-sidebar.png]
[risingtheme.com/html/demo-newvilla/newvilla/assets/img/property/properties-author2.png]
[risingtheme.com/html/demo-newvilla/newvilla/listing-details.php]
[risingtheme.com/html/demo-newvilla/newvilla/admin/assets/img/favicon.ico]
[risingtheme.com/html/demo-newvilla/newvilla/admin/assets/css/plugins/swiper-bundle.min.css]
[risingtheme.com/html/demo-newvilla/newvilla/admin/assets/css/vendor/bootstrap.min.css]
[risingtheme.com/html/demo-newvilla/newvilla/admin/assets/css/plugins/glightbox.min.css]
[risingtheme.com/html/demo-newvilla/newvilla/admin/assets/css/style.css]
[risingtheme.com/html/demo-newvilla/newvilla/admin/assets/css/dashboard.css]
[risingtheme.com/html/demo-newvilla/newvilla/admin/assets/css/table.css]
[risingtheme.com/html/demo-newvilla/newvilla/admin/assets/css/dark.css]
[risingtheme.com/html/demo-newvilla/newvilla/admin/assets/img/logo/nav-log.png]
[risingtheme.com/html/demo-newvilla/newvilla/admin/assets/img/logo/nav-log-white.png]
[risingtheme.com/html/demo-newvilla/newvilla/admin/assets/img/logo/logo-mobile.png]
[risingtheme.com/html/demo-newvilla/newvilla/admin/assets/img/icon/figma.png]
[risingtheme.com/html/demo-newvilla/newvilla/admin/assets/img/icon/github.png]
[risingtheme.com/html/demo-newvilla/newvilla/admin/assets/img/icon/dribbble.png]
[risingtheme.com/html/demo-newvilla/newvilla/admin/assets/img/icon/powerpoint.png]
[risingtheme.com/html/demo-newvilla/newvilla/admin/assets/img/icon/sketch.png]
[risingtheme.com/html/demo-newvilla/newvilla/admin/assets/img/icon/dropbox.png]
[risingtheme.com/html/demo-newvilla/newvilla/admin/assets/img/icon/google.png]
[risingtheme.com/html/demo-newvilla/newvilla/admin/assets/img/icon/mail_chimp.png]
[risingtheme.com/html/demo-newvilla/newvilla/admin/assets/img/icon/google-docs.png]
[risingtheme.com/html/demo-newvilla/newvilla/admin/assets/img/dashboard/nav-author-thumb.png]
[risingtheme.com/html/demo-newvilla/newvilla/admin/assets/img/dashboard/properties-author1.png]
[risingtheme.com/html/demo-newvilla/newvilla/admin/assets/img/dashboard/properties-author2.png]
[risingtheme.com/html/demo-newvilla/newvilla/admin/assets/img/dashboard/properties-author3.png]
[risingtheme.com/html/demo-newvilla/newvilla/admin/assets/img/dashboard/properties-author4.png]
[risingtheme.com/html/demo-newvilla/newvilla/admin/assets/img/dashboard/properties-author5.png]
[risingtheme.com/html/demo-newvilla/newvilla/admin/assets/img/dashboard/properties-author6.png]
[risingtheme.com/html/demo-newvilla/newvilla/admin/assets/img/dashboard/properties-author7.png]
[risingtheme.com/html/demo-newvilla/newvilla/admin/assets/img/dashboard/calling-author.png]
[risingtheme.com/html/demo-newvilla/newvilla/admin/assets/js/vendor/popper.js]
[risingtheme.com/html/demo-newvilla/newvilla/admin/assets/js/vendor/bootstrap.min.js]
[risingtheme.com/html/demo-newvilla/newvilla/admin/assets/js/plugins/swiper-bundle.min.js]
[risingtheme.com/html/demo-newvilla/newvilla/admin/assets/js/plugins/glightbox.min.js]
[risingtheme.com/html/demo-newvilla/newvilla/admin/assets/js/script.js]
[risingtheme.com/html/demo-newvilla/newvilla/admin/my-properties.php]
[risingtheme.com/html/demo-newvilla/newvilla/admin/assets/img/dashboard/welcome-thumbnail.png]
[risingtheme.com/html/demo-newvilla/newvilla/admin/assets/img/dashboard/sales-report-thumb.png]
[risingtheme.com/html/demo-newvilla/newvilla/admin/assets/img/dashboard/sales-report-thumb2.png]
[risingtheme.com/html/demo-newvilla/newvilla/admin/assets/img/dashboard/sales-report-thumb3.png]
[risingtheme.com/html/demo-newvilla/newvilla/admin/assets/img/dashboard/sales-report-thumb4.png]
[risingtheme.com/html/demo-newvilla/newvilla/admin/assets/img/dashboard/sales-report-thumb5.png]
[cdn.jsdelivr.net/npm/chart.js]
[risingtheme.com/html/demo-newvilla/newvilla/admin/assets/js/chart-activation.js]
[risingtheme.com/html/demo-newvilla/newvilla/admin/dashboard.php]
[risingtheme.com/html/demo-newvilla/newvilla/admin/Create-listing.php]
[risingtheme.com/html/demo-newvilla/newvilla/admin/assets/css/Create-listing.css]
[risingtheme.com/html/demo-newvilla/newvilla/admin/assets/css/chat.css]
[risingtheme.com/html/demo-newvilla/newvilla/admin/assets/img/dashboard/inbox-author1.png]
[risingtheme.com/html/demo-newvilla/newvilla/admin/assets/img/dashboard/inbox-author2.png]
[risingtheme.com/html/demo-newvilla/newvilla/admin/assets/img/dashboard/inbox-author3.png]
[risingtheme.com/html/demo-newvilla/newvilla/admin/assets/img/dashboard/inbox-author4.png]
[risingtheme.com/html/demo-newvilla/newvilla/admin/assets/img/dashboard/inbox-author5.png]
[risingtheme.com/html/demo-newvilla/newvilla/admin/assets/img/dashboard/inbox-author6.png]
[risingtheme.com/html/demo-newvilla/newvilla/admin/assets/img/dashboard/inbox-author7.png]
[risingtheme.com/html/demo-newvilla/newvilla/admin/assets/img/dashboard/inbox-author8.png]
[risingtheme.com/html/demo-newvilla/newvilla/admin/assets/img/dashboard/inbox-author9.png]
[risingtheme.com/html/demo-newvilla/newvilla/admin/assets/img/dashboard/message-author.png]
[risingtheme.com/html/demo-newvilla/newvilla/admin/assets/img/dashboard/message-author2.png]
[risingtheme.com/html/demo-newvilla/newvilla/admin/assets/img/dashboard/clint-thumbnail.png]
[risingtheme.com/html/demo-newvilla/newvilla/admin/assets/img/dashboard/profile-photos1.png]
[risingtheme.com/html/demo-newvilla/newvilla/admin/assets/img/dashboard/profile-photos2.png]
[risingtheme.com/html/demo-newvilla/newvilla/admin/assets/img/dashboard/profile-photos3.png]
[risingtheme.com/html/demo-newvilla/newvilla/admin/assets/img/dashboard/profile-photos4.png]
[risingtheme.com/html/demo-newvilla/newvilla/admin/chat.php]
[risingtheme.com/html/demo-newvilla/newvilla/admin/my-favorites.php]
[risingtheme.com/html/demo-newvilla/newvilla/admin/my-package.php]
[risingtheme.com/html/demo-newvilla/newvilla/admin/assets/img/dashboard/profile-sticky-thumbpng.png]
[risingtheme.com/html/demo-newvilla/newvilla/admin/assets/img/dashboard/profile-author.png]
[risingtheme.com/html/demo-newvilla/newvilla/admin/profile.php]
[risingtheme.com/html/demo-newvilla/newvilla/admin/assets/img/dashboard/reviews-author.png]
[risingtheme.com/html/demo-newvilla/newvilla/admin/reviews.php]
[risingtheme.com/html/demo-newvilla/newvilla/admin/saved-search.php]
[risingtheme.com/html/demo-newvilla/newvilla/admin/assets/img/dashboard/edit-photo.png]
[risingtheme.com/html/demo-newvilla/newvilla/admin/settings.php]
[risingtheme.com/html/demo-newvilla/newvilla/assets/img/blog/blog-page1.png]
[risingtheme.com/html/demo-newvilla/newvilla/assets/img/blog/blog-page2.png]
[risingtheme.com/html/demo-newvilla/newvilla/assets/img/blog/blog-page3.png]
[risingtheme.com/html/demo-newvilla/newvilla/blog.php]
[risingtheme.com/html/demo-newvilla/newvilla/about.php]
[risingtheme.com/html/demo-newvilla/newvilla/contact.php]
[risingtheme.com/html/demo-newvilla/newvilla/assets/img/property/project1.jpg]
[risingtheme.com/html/demo-newvilla/newvilla/assets/img/property/project2.jpg]
[risingtheme.com/html/demo-newvilla/newvilla/assets/img/property/project3.jpg]
[risingtheme.com/html/demo-newvilla/newvilla/assets/img/property/project4.jpg]
[risingtheme.com/html/demo-newvilla/newvilla/project.php]
[risingtheme.com/html/demo-newvilla/newvilla/assets/img/property/project-details.jpg]
[risingtheme.com/html/demo-newvilla/newvilla/project-details.php]
[risingtheme.com/html/demo-newvilla/newvilla/assets/img/other/services-details.jpg]
[risingtheme.com/html/demo-newvilla/newvilla/assets/img/other/services-details2.jpg]
[risingtheme.com/html/demo-newvilla/newvilla/assets/img/other/widget-img-gallery.png]
[risingtheme.com/html/demo-newvilla/newvilla/services-details.php]
[risingtheme.com/html/demo-newvilla/newvilla/login.php]
[risingtheme.com/html/demo-newvilla/newvilla/signup.php]
[risingtheme.com/html/demo-newvilla/newvilla/assets/img/other/404.png]
[risingtheme.com/html/demo-newvilla/newvilla/404.php]
[risingtheme.com/html/demo-newvilla/newvilla/assets/img/blog/blog-details.png]
[risingtheme.com/html/demo-newvilla/newvilla/assets/img/blog/blog-details-small.png]
[risingtheme.com/html/demo-newvilla/newvilla/assets/img/blog/related-img.png]
[risingtheme.com/html/demo-newvilla/newvilla/assets/img/blog/related-img2.png]
[risingtheme.com/html/demo-newvilla/newvilla/assets/img/blog/blog-comment1.png]
[risingtheme.com/html/demo-newvilla/newvilla/assets/img/blog/blog-comment2.png]
[risingtheme.com/html/demo-newvilla/newvilla/blog-details.php]
[risingtheme.com/html/demo-newvilla/newvilla/admin/assets/css/plugins/swiper-bundle.min.css]
[risingtheme.com/html/demo-newvilla/newvilla/admin/assets/css/vendor/bootstrap.min.css]
[risingtheme.com/html/demo-newvilla/newvilla/admin/assets/css/plugins/glightbox.min.css]
[risingtheme.com/html/demo-newvilla/newvilla/admin/assets/css/style.css]
[risingtheme.com/html/demo-newvilla/newvilla/admin/assets/css/dashboard.css]
[risingtheme.com/html/demo-newvilla/newvilla/admin/assets/css/table.css]
[risingtheme.com/html/demo-newvilla/newvilla/admin/assets/css/dark.css]
[risingtheme.com/html/demo-newvilla/newvilla/admin/assets/css/Create-listing.css]
[risingtheme.com/html/demo-newvilla/newvilla/admin/assets/css/chat.css]
